Copyright 1986-2021 Xilinx, Inc. All Rights Reserved.
--------------------------------------------------------------------------------------------------------------------------------------------------
| Tool Version : Vivado v.2021.1 (win64) Build 3247384 Thu Jun 10 19:36:33 MDT 2021
| Date         : Tue Oct 24 10:10:21 2023
| Host         : DESKTOP-1FT5C23 running 64-bit major release  (build 9200)
| Command      : report_methodology -file main_methodology_drc_routed.rpt -pb main_methodology_drc_routed.pb -rpx main_methodology_drc_routed.rpx
| Design       : main
| Device       : xc7vx485tffg1761-2
| Speed File   : -2
| Design State : Fully Routed
--------------------------------------------------------------------------------------------------------------------------------------------------

Report Methodology

Table of Contents
-----------------
1. REPORT SUMMARY
2. REPORT DETAILS

1. REPORT SUMMARY
-----------------
            Netlist: netlist
          Floorplan: design_1
      Design limits: <entire design considered>
             Max violations: <unlimited>
             Violations found: 582
+-----------+----------+-------------------------------+------------+
| Rule      | Severity | Description                   | Violations |
+-----------+----------+-------------------------------+------------+
| SYNTH-11  | Warning  | DSP output not registered     | 148        |
| SYNTH-12  | Warning  | DSP input not registered      | 12         |
| SYNTH-13  | Warning  | combinational multiplier      | 6          |
| TIMING-18 | Warning  | Missing input or output delay | 416        |
+-----------+----------+-------------------------------+------------+

2. REPORT DETAILS
-----------------
SYNTH-11#1 Warning
DSP output not registered  
DSP instance L2GEN[0].output_unit/multgen[0].mult_unit/temp is not fully pipelined on the output side. MREG/PREG are not used.
Related violations: <none>

SYNTH-11#2 Warning
DSP output not registered  
DSP instance L2GEN[0].output_unit/multgen[10].mult_unit/temp is not fully pipelined on the output side. MREG/PREG are not used.
Related violations: <none>

SYNTH-11#3 Warning
DSP output not registered  
DSP instance L2GEN[0].output_unit/multgen[11].mult_unit/temp is not fully pipelined on the output side. MREG/PREG are not used.
Related violations: <none>

SYNTH-11#4 Warning
DSP output not registered  
DSP instance L2GEN[0].output_unit/multgen[12].mult_unit/temp is not fully pipelined on the output side. MREG/PREG are not used.
Related violations: <none>

SYNTH-11#5 Warning
DSP output not registered  
DSP instance L2GEN[0].output_unit/multgen[14].mult_unit/temp is not fully pipelined on the output side. MREG/PREG are not used.
Related violations: <none>

SYNTH-11#6 Warning
DSP output not registered  
DSP instance L2GEN[0].output_unit/multgen[15].mult_unit/temp is not fully pipelined on the output side. MREG/PREG are not used.
Related violations: <none>

SYNTH-11#7 Warning
DSP output not registered  
DSP instance L2GEN[0].output_unit/multgen[16].mult_unit/temp is not fully pipelined on the output side. MREG/PREG are not used.
Related violations: <none>

SYNTH-11#8 Warning
DSP output not registered  
DSP instance L2GEN[0].output_unit/multgen[18].mult_unit/temp is not fully pipelined on the output side. MREG/PREG are not used.
Related violations: <none>

SYNTH-11#9 Warning
DSP output not registered  
DSP instance L2GEN[0].output_unit/multgen[1].mult_unit/temp is not fully pipelined on the output side. MREG/PREG are not used.
Related violations: <none>

SYNTH-11#10 Warning
DSP output not registered  
DSP instance L2GEN[0].output_unit/multgen[2].mult_unit/temp is not fully pipelined on the output side. MREG/PREG are not used.
Related violations: <none>

SYNTH-11#11 Warning
DSP output not registered  
DSP instance L2GEN[0].output_unit/multgen[4].mult_unit/temp is not fully pipelined on the output side. MREG/PREG are not used.
Related violations: <none>

SYNTH-11#12 Warning
DSP output not registered  
DSP instance L2GEN[0].output_unit/multgen[5].mult_unit/temp is not fully pipelined on the output side. MREG/PREG are not used.
Related violations: <none>

SYNTH-11#13 Warning
DSP output not registered  
DSP instance L2GEN[0].output_unit/multgen[6].mult_unit/temp is not fully pipelined on the output side. MREG/PREG are not used.
Related violations: <none>

SYNTH-11#14 Warning
DSP output not registered  
DSP instance L2GEN[0].output_unit/multgen[7].mult_unit/temp is not fully pipelined on the output side. MREG/PREG are not used.
Related violations: <none>

SYNTH-11#15 Warning
DSP output not registered  
DSP instance L2GEN[0].output_unit/multgen[8].mult_unit/temp is not fully pipelined on the output side. MREG/PREG are not used.
Related violations: <none>

SYNTH-11#16 Warning
DSP output not registered  
DSP instance L2GEN[0].output_unit/multgen[9].mult_unit/temp is not fully pipelined on the output side. MREG/PREG are not used.
Related violations: <none>

SYNTH-11#17 Warning
DSP output not registered  
DSP instance L2GEN[1].output_unit/multgen[11].mult_unit/temp is not fully pipelined on the output side. MREG/PREG are not used.
Related violations: <none>

SYNTH-11#18 Warning
DSP output not registered  
DSP instance L2GEN[1].output_unit/multgen[15].mult_unit/temp is not fully pipelined on the output side. MREG/PREG are not used.
Related violations: <none>

SYNTH-11#19 Warning
DSP output not registered  
DSP instance L2GEN[1].output_unit/multgen[16].mult_unit/temp is not fully pipelined on the output side. MREG/PREG are not used.
Related violations: <none>

SYNTH-11#20 Warning
DSP output not registered  
DSP instance L2GEN[1].output_unit/multgen[17].mult_unit/temp is not fully pipelined on the output side. MREG/PREG are not used.
Related violations: <none>

SYNTH-11#21 Warning
DSP output not registered  
DSP instance L2GEN[1].output_unit/multgen[18].mult_unit/temp is not fully pipelined on the output side. MREG/PREG are not used.
Related violations: <none>

SYNTH-11#22 Warning
DSP output not registered  
DSP instance L2GEN[1].output_unit/multgen[2].mult_unit/temp is not fully pipelined on the output side. MREG/PREG are not used.
Related violations: <none>

SYNTH-11#23 Warning
DSP output not registered  
DSP instance L2GEN[1].output_unit/multgen[4].mult_unit/temp is not fully pipelined on the output side. MREG/PREG are not used.
Related violations: <none>

SYNTH-11#24 Warning
DSP output not registered  
DSP instance L2GEN[1].output_unit/multgen[6].mult_unit/temp is not fully pipelined on the output side. MREG/PREG are not used.
Related violations: <none>

SYNTH-11#25 Warning
DSP output not registered  
DSP instance L2GEN[1].output_unit/multgen[7].mult_unit/temp is not fully pipelined on the output side. MREG/PREG are not used.
Related violations: <none>

SYNTH-11#26 Warning
DSP output not registered  
DSP instance L2GEN[1].output_unit/multgen[9].mult_unit/temp is not fully pipelined on the output side. MREG/PREG are not used.
Related violations: <none>

SYNTH-11#27 Warning
DSP output not registered  
DSP instance L2GEN[2].output_unit/multgen[10].mult_unit/temp is not fully pipelined on the output side. MREG/PREG are not used.
Related violations: <none>

SYNTH-11#28 Warning
DSP output not registered  
DSP instance L2GEN[2].output_unit/multgen[11].mult_unit/temp is not fully pipelined on the output side. MREG/PREG are not used.
Related violations: <none>

SYNTH-11#29 Warning
DSP output not registered  
DSP instance L2GEN[2].output_unit/multgen[12].mult_unit/temp is not fully pipelined on the output side. MREG/PREG are not used.
Related violations: <none>

SYNTH-11#30 Warning
DSP output not registered  
DSP instance L2GEN[2].output_unit/multgen[13].mult_unit/temp is not fully pipelined on the output side. MREG/PREG are not used.
Related violations: <none>

SYNTH-11#31 Warning
DSP output not registered  
DSP instance L2GEN[2].output_unit/multgen[14].mult_unit/temp is not fully pipelined on the output side. MREG/PREG are not used.
Related violations: <none>

SYNTH-11#32 Warning
DSP output not registered  
DSP instance L2GEN[2].output_unit/multgen[16].mult_unit/temp is not fully pipelined on the output side. MREG/PREG are not used.
Related violations: <none>

SYNTH-11#33 Warning
DSP output not registered  
DSP instance L2GEN[2].output_unit/multgen[17].mult_unit/temp is not fully pipelined on the output side. MREG/PREG are not used.
Related violations: <none>

SYNTH-11#34 Warning
DSP output not registered  
DSP instance L2GEN[2].output_unit/multgen[18].mult_unit/temp is not fully pipelined on the output side. MREG/PREG are not used.
Related violations: <none>

SYNTH-11#35 Warning
DSP output not registered  
DSP instance L2GEN[2].output_unit/multgen[1].mult_unit/temp is not fully pipelined on the output side. MREG/PREG are not used.
Related violations: <none>

SYNTH-11#36 Warning
DSP output not registered  
DSP instance L2GEN[2].output_unit/multgen[4].mult_unit/temp is not fully pipelined on the output side. MREG/PREG are not used.
Related violations: <none>

SYNTH-11#37 Warning
DSP output not registered  
DSP instance L2GEN[2].output_unit/multgen[5].mult_unit/temp is not fully pipelined on the output side. MREG/PREG are not used.
Related violations: <none>

SYNTH-11#38 Warning
DSP output not registered  
DSP instance L2GEN[2].output_unit/multgen[6].mult_unit/temp is not fully pipelined on the output side. MREG/PREG are not used.
Related violations: <none>

SYNTH-11#39 Warning
DSP output not registered  
DSP instance L2GEN[2].output_unit/multgen[8].mult_unit/temp is not fully pipelined on the output side. MREG/PREG are not used.
Related violations: <none>

SYNTH-11#40 Warning
DSP output not registered  
DSP instance L2GEN[2].output_unit/multgen[9].mult_unit/temp is not fully pipelined on the output side. MREG/PREG are not used.
Related violations: <none>

SYNTH-11#41 Warning
DSP output not registered  
DSP instance L2GEN[3].output_unit/multgen[0].mult_unit/temp is not fully pipelined on the output side. MREG/PREG are not used.
Related violations: <none>

SYNTH-11#42 Warning
DSP output not registered  
DSP instance L2GEN[3].output_unit/multgen[10].mult_unit/temp is not fully pipelined on the output side. MREG/PREG are not used.
Related violations: <none>

SYNTH-11#43 Warning
DSP output not registered  
DSP instance L2GEN[3].output_unit/multgen[12].mult_unit/temp is not fully pipelined on the output side. MREG/PREG are not used.
Related violations: <none>

SYNTH-11#44 Warning
DSP output not registered  
DSP instance L2GEN[3].output_unit/multgen[13].mult_unit/temp is not fully pipelined on the output side. MREG/PREG are not used.
Related violations: <none>

SYNTH-11#45 Warning
DSP output not registered  
DSP instance L2GEN[3].output_unit/multgen[14].mult_unit/temp is not fully pipelined on the output side. MREG/PREG are not used.
Related violations: <none>

SYNTH-11#46 Warning
DSP output not registered  
DSP instance L2GEN[3].output_unit/multgen[15].mult_unit/temp is not fully pipelined on the output side. MREG/PREG are not used.
Related violations: <none>

SYNTH-11#47 Warning
DSP output not registered  
DSP instance L2GEN[3].output_unit/multgen[16].mult_unit/temp is not fully pipelined on the output side. MREG/PREG are not used.
Related violations: <none>

SYNTH-11#48 Warning
DSP output not registered  
DSP instance L2GEN[3].output_unit/multgen[17].mult_unit/temp is not fully pipelined on the output side. MREG/PREG are not used.
Related violations: <none>

SYNTH-11#49 Warning
DSP output not registered  
DSP instance L2GEN[3].output_unit/multgen[18].mult_unit/temp is not fully pipelined on the output side. MREG/PREG are not used.
Related violations: <none>

SYNTH-11#50 Warning
DSP output not registered  
DSP instance L2GEN[3].output_unit/multgen[19].mult_unit/temp is not fully pipelined on the output side. MREG/PREG are not used.
Related violations: <none>

SYNTH-11#51 Warning
DSP output not registered  
DSP instance L2GEN[3].output_unit/multgen[1].mult_unit/temp is not fully pipelined on the output side. MREG/PREG are not used.
Related violations: <none>

SYNTH-11#52 Warning
DSP output not registered  
DSP instance L2GEN[3].output_unit/multgen[2].mult_unit/temp is not fully pipelined on the output side. MREG/PREG are not used.
Related violations: <none>

SYNTH-11#53 Warning
DSP output not registered  
DSP instance L2GEN[3].output_unit/multgen[4].mult_unit/temp is not fully pipelined on the output side. MREG/PREG are not used.
Related violations: <none>

SYNTH-11#54 Warning
DSP output not registered  
DSP instance L2GEN[3].output_unit/multgen[5].mult_unit/temp is not fully pipelined on the output side. MREG/PREG are not used.
Related violations: <none>

SYNTH-11#55 Warning
DSP output not registered  
DSP instance L2GEN[3].output_unit/multgen[6].mult_unit/temp is not fully pipelined on the output side. MREG/PREG are not used.
Related violations: <none>

SYNTH-11#56 Warning
DSP output not registered  
DSP instance L2GEN[3].output_unit/multgen[7].mult_unit/temp is not fully pipelined on the output side. MREG/PREG are not used.
Related violations: <none>

SYNTH-11#57 Warning
DSP output not registered  
DSP instance L2GEN[3].output_unit/multgen[8].mult_unit/temp is not fully pipelined on the output side. MREG/PREG are not used.
Related violations: <none>

SYNTH-11#58 Warning
DSP output not registered  
DSP instance L2GEN[3].output_unit/multgen[9].mult_unit/temp is not fully pipelined on the output side. MREG/PREG are not used.
Related violations: <none>

SYNTH-11#59 Warning
DSP output not registered  
DSP instance L2GEN[4].output_unit/multgen[0].mult_unit/temp is not fully pipelined on the output side. MREG/PREG are not used.
Related violations: <none>

SYNTH-11#60 Warning
DSP output not registered  
DSP instance L2GEN[4].output_unit/multgen[10].mult_unit/temp is not fully pipelined on the output side. MREG/PREG are not used.
Related violations: <none>

SYNTH-11#61 Warning
DSP output not registered  
DSP instance L2GEN[4].output_unit/multgen[12].mult_unit/temp is not fully pipelined on the output side. MREG/PREG are not used.
Related violations: <none>

SYNTH-11#62 Warning
DSP output not registered  
DSP instance L2GEN[4].output_unit/multgen[13].mult_unit/temp is not fully pipelined on the output side. MREG/PREG are not used.
Related violations: <none>

SYNTH-11#63 Warning
DSP output not registered  
DSP instance L2GEN[4].output_unit/multgen[14].mult_unit/temp is not fully pipelined on the output side. MREG/PREG are not used.
Related violations: <none>

SYNTH-11#64 Warning
DSP output not registered  
DSP instance L2GEN[4].output_unit/multgen[16].mult_unit/temp is not fully pipelined on the output side. MREG/PREG are not used.
Related violations: <none>

SYNTH-11#65 Warning
DSP output not registered  
DSP instance L2GEN[4].output_unit/multgen[17].mult_unit/temp is not fully pipelined on the output side. MREG/PREG are not used.
Related violations: <none>

SYNTH-11#66 Warning
DSP output not registered  
DSP instance L2GEN[4].output_unit/multgen[18].mult_unit/temp is not fully pipelined on the output side. MREG/PREG are not used.
Related violations: <none>

SYNTH-11#67 Warning
DSP output not registered  
DSP instance L2GEN[4].output_unit/multgen[19].mult_unit/temp is not fully pipelined on the output side. MREG/PREG are not used.
Related violations: <none>

SYNTH-11#68 Warning
DSP output not registered  
DSP instance L2GEN[4].output_unit/multgen[1].mult_unit/temp is not fully pipelined on the output side. MREG/PREG are not used.
Related violations: <none>

SYNTH-11#69 Warning
DSP output not registered  
DSP instance L2GEN[4].output_unit/multgen[2].mult_unit/temp is not fully pipelined on the output side. MREG/PREG are not used.
Related violations: <none>

SYNTH-11#70 Warning
DSP output not registered  
DSP instance L2GEN[4].output_unit/multgen[3].mult_unit/temp is not fully pipelined on the output side. MREG/PREG are not used.
Related violations: <none>

SYNTH-11#71 Warning
DSP output not registered  
DSP instance L2GEN[4].output_unit/multgen[5].mult_unit/temp is not fully pipelined on the output side. MREG/PREG are not used.
Related violations: <none>

SYNTH-11#72 Warning
DSP output not registered  
DSP instance L2GEN[4].output_unit/multgen[6].mult_unit/temp is not fully pipelined on the output side. MREG/PREG are not used.
Related violations: <none>

SYNTH-11#73 Warning
DSP output not registered  
DSP instance L2GEN[4].output_unit/multgen[7].mult_unit/temp is not fully pipelined on the output side. MREG/PREG are not used.
Related violations: <none>

SYNTH-11#74 Warning
DSP output not registered  
DSP instance L2GEN[5].output_unit/multgen[10].mult_unit/temp is not fully pipelined on the output side. MREG/PREG are not used.
Related violations: <none>

SYNTH-11#75 Warning
DSP output not registered  
DSP instance L2GEN[5].output_unit/multgen[14].mult_unit/temp is not fully pipelined on the output side. MREG/PREG are not used.
Related violations: <none>

SYNTH-11#76 Warning
DSP output not registered  
DSP instance L2GEN[5].output_unit/multgen[16].mult_unit/temp is not fully pipelined on the output side. MREG/PREG are not used.
Related violations: <none>

SYNTH-11#77 Warning
DSP output not registered  
DSP instance L2GEN[5].output_unit/multgen[17].mult_unit/temp is not fully pipelined on the output side. MREG/PREG are not used.
Related violations: <none>

SYNTH-11#78 Warning
DSP output not registered  
DSP instance L2GEN[5].output_unit/multgen[18].mult_unit/temp is not fully pipelined on the output side. MREG/PREG are not used.
Related violations: <none>

SYNTH-11#79 Warning
DSP output not registered  
DSP instance L2GEN[5].output_unit/multgen[19].mult_unit/temp is not fully pipelined on the output side. MREG/PREG are not used.
Related violations: <none>

SYNTH-11#80 Warning
DSP output not registered  
DSP instance L2GEN[5].output_unit/multgen[1].mult_unit/temp is not fully pipelined on the output side. MREG/PREG are not used.
Related violations: <none>

SYNTH-11#81 Warning
DSP output not registered  
DSP instance L2GEN[5].output_unit/multgen[2].mult_unit/temp is not fully pipelined on the output side. MREG/PREG are not used.
Related violations: <none>

SYNTH-11#82 Warning
DSP output not registered  
DSP instance L2GEN[5].output_unit/multgen[3].mult_unit/temp is not fully pipelined on the output side. MREG/PREG are not used.
Related violations: <none>

SYNTH-11#83 Warning
DSP output not registered  
DSP instance L2GEN[5].output_unit/multgen[4].mult_unit/temp is not fully pipelined on the output side. MREG/PREG are not used.
Related violations: <none>

SYNTH-11#84 Warning
DSP output not registered  
DSP instance L2GEN[5].output_unit/multgen[5].mult_unit/temp is not fully pipelined on the output side. MREG/PREG are not used.
Related violations: <none>

SYNTH-11#85 Warning
DSP output not registered  
DSP instance L2GEN[5].output_unit/multgen[8].mult_unit/temp is not fully pipelined on the output side. MREG/PREG are not used.
Related violations: <none>

SYNTH-11#86 Warning
DSP output not registered  
DSP instance L2GEN[5].output_unit/multgen[9].mult_unit/temp is not fully pipelined on the output side. MREG/PREG are not used.
Related violations: <none>

SYNTH-11#87 Warning
DSP output not registered  
DSP instance L2GEN[6].output_unit/multgen[0].mult_unit/temp is not fully pipelined on the output side. MREG/PREG are not used.
Related violations: <none>

SYNTH-11#88 Warning
DSP output not registered  
DSP instance L2GEN[6].output_unit/multgen[10].mult_unit/temp is not fully pipelined on the output side. MREG/PREG are not used.
Related violations: <none>

SYNTH-11#89 Warning
DSP output not registered  
DSP instance L2GEN[6].output_unit/multgen[11].mult_unit/temp is not fully pipelined on the output side. MREG/PREG are not used.
Related violations: <none>

SYNTH-11#90 Warning
DSP output not registered  
DSP instance L2GEN[6].output_unit/multgen[13].mult_unit/temp is not fully pipelined on the output side. MREG/PREG are not used.
Related violations: <none>

SYNTH-11#91 Warning
DSP output not registered  
DSP instance L2GEN[6].output_unit/multgen[14].mult_unit/temp is not fully pipelined on the output side. MREG/PREG are not used.
Related violations: <none>

SYNTH-11#92 Warning
DSP output not registered  
DSP instance L2GEN[6].output_unit/multgen[15].mult_unit/temp is not fully pipelined on the output side. MREG/PREG are not used.
Related violations: <none>

SYNTH-11#93 Warning
DSP output not registered  
DSP instance L2GEN[6].output_unit/multgen[16].mult_unit/temp is not fully pipelined on the output side. MREG/PREG are not used.
Related violations: <none>

SYNTH-11#94 Warning
DSP output not registered  
DSP instance L2GEN[6].output_unit/multgen[17].mult_unit/temp is not fully pipelined on the output side. MREG/PREG are not used.
Related violations: <none>

SYNTH-11#95 Warning
DSP output not registered  
DSP instance L2GEN[6].output_unit/multgen[2].mult_unit/temp is not fully pipelined on the output side. MREG/PREG are not used.
Related violations: <none>

SYNTH-11#96 Warning
DSP output not registered  
DSP instance L2GEN[6].output_unit/multgen[4].mult_unit/temp is not fully pipelined on the output side. MREG/PREG are not used.
Related violations: <none>

SYNTH-11#97 Warning
DSP output not registered  
DSP instance L2GEN[6].output_unit/multgen[5].mult_unit/temp is not fully pipelined on the output side. MREG/PREG are not used.
Related violations: <none>

SYNTH-11#98 Warning
DSP output not registered  
DSP instance L2GEN[6].output_unit/multgen[6].mult_unit/temp is not fully pipelined on the output side. MREG/PREG are not used.
Related violations: <none>

SYNTH-11#99 Warning
DSP output not registered  
DSP instance L2GEN[6].output_unit/multgen[7].mult_unit/temp is not fully pipelined on the output side. MREG/PREG are not used.
Related violations: <none>

SYNTH-11#100 Warning
DSP output not registered  
DSP instance L2GEN[6].output_unit/multgen[8].mult_unit/temp is not fully pipelined on the output side. MREG/PREG are not used.
Related violations: <none>

SYNTH-11#101 Warning
DSP output not registered  
DSP instance L2GEN[6].output_unit/multgen[9].mult_unit/temp is not fully pipelined on the output side. MREG/PREG are not used.
Related violations: <none>

SYNTH-11#102 Warning
DSP output not registered  
DSP instance L2GEN[7].output_unit/multgen[0].mult_unit/temp is not fully pipelined on the output side. MREG/PREG are not used.
Related violations: <none>

SYNTH-11#103 Warning
DSP output not registered  
DSP instance L2GEN[7].output_unit/multgen[12].mult_unit/temp is not fully pipelined on the output side. MREG/PREG are not used.
Related violations: <none>

SYNTH-11#104 Warning
DSP output not registered  
DSP instance L2GEN[7].output_unit/multgen[14].mult_unit/temp is not fully pipelined on the output side. MREG/PREG are not used.
Related violations: <none>

SYNTH-11#105 Warning
DSP output not registered  
DSP instance L2GEN[7].output_unit/multgen[15].mult_unit/temp is not fully pipelined on the output side. MREG/PREG are not used.
Related violations: <none>

SYNTH-11#106 Warning
DSP output not registered  
DSP instance L2GEN[7].output_unit/multgen[16].mult_unit/temp is not fully pipelined on the output side. MREG/PREG are not used.
Related violations: <none>

SYNTH-11#107 Warning
DSP output not registered  
DSP instance L2GEN[7].output_unit/multgen[17].mult_unit/temp is not fully pipelined on the output side. MREG/PREG are not used.
Related violations: <none>

SYNTH-11#108 Warning
DSP output not registered  
DSP instance L2GEN[7].output_unit/multgen[19].mult_unit/temp is not fully pipelined on the output side. MREG/PREG are not used.
Related violations: <none>

SYNTH-11#109 Warning
DSP output not registered  
DSP instance L2GEN[7].output_unit/multgen[1].mult_unit/temp is not fully pipelined on the output side. MREG/PREG are not used.
Related violations: <none>

SYNTH-11#110 Warning
DSP output not registered  
DSP instance L2GEN[7].output_unit/multgen[2].mult_unit/temp is not fully pipelined on the output side. MREG/PREG are not used.
Related violations: <none>

SYNTH-11#111 Warning
DSP output not registered  
DSP instance L2GEN[7].output_unit/multgen[4].mult_unit/temp is not fully pipelined on the output side. MREG/PREG are not used.
Related violations: <none>

SYNTH-11#112 Warning
DSP output not registered  
DSP instance L2GEN[7].output_unit/multgen[5].mult_unit/temp is not fully pipelined on the output side. MREG/PREG are not used.
Related violations: <none>

SYNTH-11#113 Warning
DSP output not registered  
DSP instance L2GEN[7].output_unit/multgen[7].mult_unit/temp is not fully pipelined on the output side. MREG/PREG are not used.
Related violations: <none>

SYNTH-11#114 Warning
DSP output not registered  
DSP instance L2GEN[7].output_unit/multgen[8].mult_unit/temp is not fully pipelined on the output side. MREG/PREG are not used.
Related violations: <none>

SYNTH-11#115 Warning
DSP output not registered  
DSP instance L2GEN[7].output_unit/multgen[9].mult_unit/temp is not fully pipelined on the output side. MREG/PREG are not used.
Related violations: <none>

SYNTH-11#116 Warning
DSP output not registered  
DSP instance L2GEN[8].output_unit/multgen[10].mult_unit/temp is not fully pipelined on the output side. MREG/PREG are not used.
Related violations: <none>

SYNTH-11#117 Warning
DSP output not registered  
DSP instance L2GEN[8].output_unit/multgen[12].mult_unit/temp is not fully pipelined on the output side. MREG/PREG are not used.
Related violations: <none>

SYNTH-11#118 Warning
DSP output not registered  
DSP instance L2GEN[8].output_unit/multgen[13].mult_unit/temp is not fully pipelined on the output side. MREG/PREG are not used.
Related violations: <none>

SYNTH-11#119 Warning
DSP output not registered  
DSP instance L2GEN[8].output_unit/multgen[14].mult_unit/temp is not fully pipelined on the output side. MREG/PREG are not used.
Related violations: <none>

SYNTH-11#120 Warning
DSP output not registered  
DSP instance L2GEN[8].output_unit/multgen[15].mult_unit/temp is not fully pipelined on the output side. MREG/PREG are not used.
Related violations: <none>

SYNTH-11#121 Warning
DSP output not registered  
DSP instance L2GEN[8].output_unit/multgen[16].mult_unit/temp__0 is not fully pipelined on the output side. MREG/PREG are not used.
Related violations: <none>

SYNTH-11#122 Warning
DSP output not registered  
DSP instance L2GEN[8].output_unit/multgen[17].mult_unit/temp is not fully pipelined on the output side. MREG/PREG are not used.
Related violations: <none>

SYNTH-11#123 Warning
DSP output not registered  
DSP instance L2GEN[8].output_unit/multgen[18].mult_unit/temp is not fully pipelined on the output side. MREG/PREG are not used.
Related violations: <none>

SYNTH-11#124 Warning
DSP output not registered  
DSP instance L2GEN[8].output_unit/multgen[19].mult_unit/temp is not fully pipelined on the output side. MREG/PREG are not used.
Related violations: <none>

SYNTH-11#125 Warning
DSP output not registered  
DSP instance L2GEN[8].output_unit/multgen[1].mult_unit/temp is not fully pipelined on the output side. MREG/PREG are not used.
Related violations: <none>

SYNTH-11#126 Warning
DSP output not registered  
DSP instance L2GEN[8].output_unit/multgen[2].mult_unit/temp is not fully pipelined on the output side. MREG/PREG are not used.
Related violations: <none>

SYNTH-11#127 Warning
DSP output not registered  
DSP instance L2GEN[8].output_unit/multgen[5].mult_unit/temp is not fully pipelined on the output side. MREG/PREG are not used.
Related violations: <none>

SYNTH-11#128 Warning
DSP output not registered  
DSP instance L2GEN[8].output_unit/multgen[6].mult_unit/temp is not fully pipelined on the output side. MREG/PREG are not used.
Related violations: <none>

SYNTH-11#129 Warning
DSP output not registered  
DSP instance L2GEN[8].output_unit/multgen[8].mult_unit/temp__0 is not fully pipelined on the output side. MREG/PREG are not used.
Related violations: <none>

SYNTH-11#130 Warning
DSP output not registered  
DSP instance L2GEN[9].output_unit/multgen[0].mult_unit/temp is not fully pipelined on the output side. MREG/PREG are not used.
Related violations: <none>

SYNTH-11#131 Warning
DSP output not registered  
DSP instance L2GEN[9].output_unit/multgen[10].mult_unit/temp is not fully pipelined on the output side. MREG/PREG are not used.
Related violations: <none>

SYNTH-11#132 Warning
DSP output not registered  
DSP instance L2GEN[9].output_unit/multgen[11].mult_unit/temp is not fully pipelined on the output side. MREG/PREG are not used.
Related violations: <none>

SYNTH-11#133 Warning
DSP output not registered  
DSP instance L2GEN[9].output_unit/multgen[12].mult_unit/temp is not fully pipelined on the output side. MREG/PREG are not used.
Related violations: <none>

SYNTH-11#134 Warning
DSP output not registered  
DSP instance L2GEN[9].output_unit/multgen[13].mult_unit/temp is not fully pipelined on the output side. MREG/PREG are not used.
Related violations: <none>

SYNTH-11#135 Warning
DSP output not registered  
DSP instance L2GEN[9].output_unit/multgen[14].mult_unit/temp is not fully pipelined on the output side. MREG/PREG are not used.
Related violations: <none>

SYNTH-11#136 Warning
DSP output not registered  
DSP instance L2GEN[9].output_unit/multgen[15].mult_unit/temp is not fully pipelined on the output side. MREG/PREG are not used.
Related violations: <none>

SYNTH-11#137 Warning
DSP output not registered  
DSP instance L2GEN[9].output_unit/multgen[16].mult_unit/temp is not fully pipelined on the output side. MREG/PREG are not used.
Related violations: <none>

SYNTH-11#138 Warning
DSP output not registered  
DSP instance L2GEN[9].output_unit/multgen[18].mult_unit/temp is not fully pipelined on the output side. MREG/PREG are not used.
Related violations: <none>

SYNTH-11#139 Warning
DSP output not registered  
DSP instance L2GEN[9].output_unit/multgen[19].mult_unit/temp is not fully pipelined on the output side. MREG/PREG are not used.
Related violations: <none>

SYNTH-11#140 Warning
DSP output not registered  
DSP instance L2GEN[9].output_unit/multgen[1].mult_unit/temp is not fully pipelined on the output side. MREG/PREG are not used.
Related violations: <none>

SYNTH-11#141 Warning
DSP output not registered  
DSP instance L2GEN[9].output_unit/multgen[2].mult_unit/temp is not fully pipelined on the output side. MREG/PREG are not used.
Related violations: <none>

SYNTH-11#142 Warning
DSP output not registered  
DSP instance L2GEN[9].output_unit/multgen[3].mult_unit/temp is not fully pipelined on the output side. MREG/PREG are not used.
Related violations: <none>

SYNTH-11#143 Warning
DSP output not registered  
DSP instance L2GEN[9].output_unit/multgen[4].mult_unit/temp is not fully pipelined on the output side. MREG/PREG are not used.
Related violations: <none>

SYNTH-11#144 Warning
DSP output not registered  
DSP instance L2GEN[9].output_unit/multgen[5].mult_unit/temp is not fully pipelined on the output side. MREG/PREG are not used.
Related violations: <none>

SYNTH-11#145 Warning
DSP output not registered  
DSP instance L2GEN[9].output_unit/multgen[6].mult_unit/temp is not fully pipelined on the output side. MREG/PREG are not used.
Related violations: <none>

SYNTH-11#146 Warning
DSP output not registered  
DSP instance L2GEN[9].output_unit/multgen[7].mult_unit/temp is not fully pipelined on the output side. MREG/PREG are not used.
Related violations: <none>

SYNTH-11#147 Warning
DSP output not registered  
DSP instance L2GEN[9].output_unit/multgen[8].mult_unit/temp is not fully pipelined on the output side. MREG/PREG are not used.
Related violations: <none>

SYNTH-11#148 Warning
DSP output not registered  
DSP instance L2GEN[9].output_unit/multgen[9].mult_unit/temp is not fully pipelined on the output side. MREG/PREG are not used.
Related violations: <none>

SYNTH-12#1 Warning
DSP input not registered  
DSP instance multgen_L[11].multgen[0].mult_unit/temp is not fully pipelined on the input side. AREG/BREG/CREG/DREG are not used.
Related violations: <none>

SYNTH-12#2 Warning
DSP input not registered  
DSP instance multgen_L[11].multgen[1].mult_unit/temp is not fully pipelined on the input side. AREG/BREG/CREG/DREG are not used.
Related violations: <none>

SYNTH-12#3 Warning
DSP input not registered  
DSP instance multgen_L[11].multgen[2].mult_unit/temp is not fully pipelined on the input side. AREG/BREG/CREG/DREG are not used.
Related violations: <none>

SYNTH-12#4 Warning
DSP input not registered  
DSP instance multgen_L[11].multgen[3].mult_unit/temp is not fully pipelined on the input side. AREG/BREG/CREG/DREG are not used.
Related violations: <none>

SYNTH-12#5 Warning
DSP input not registered  
DSP instance multgen_L[11].multgen[4].mult_unit/temp is not fully pipelined on the input side. AREG/BREG/CREG/DREG are not used.
Related violations: <none>

SYNTH-12#6 Warning
DSP input not registered  
DSP instance multgen_L[11].multgen[8].mult_unit/temp is not fully pipelined on the input side. AREG/BREG/CREG/DREG are not used.
Related violations: <none>

SYNTH-12#7 Warning
DSP input not registered  
DSP instance multgen_L[12].multgen[0].mult_unit/temp is not fully pipelined on the input side. AREG/BREG/CREG/DREG are not used.
Related violations: <none>

SYNTH-12#8 Warning
DSP input not registered  
DSP instance multgen_L[12].multgen[1].mult_unit/temp is not fully pipelined on the input side. AREG/BREG/CREG/DREG are not used.
Related violations: <none>

SYNTH-12#9 Warning
DSP input not registered  
DSP instance multgen_L[12].multgen[2].mult_unit/temp is not fully pipelined on the input side. AREG/BREG/CREG/DREG are not used.
Related violations: <none>

SYNTH-12#10 Warning
DSP input not registered  
DSP instance multgen_L[12].multgen[3].mult_unit/temp is not fully pipelined on the input side. AREG/BREG/CREG/DREG are not used.
Related violations: <none>

SYNTH-12#11 Warning
DSP input not registered  
DSP instance multgen_L[12].multgen[4].mult_unit/temp is not fully pipelined on the input side. AREG/BREG/CREG/DREG are not used.
Related violations: <none>

SYNTH-12#12 Warning
DSP input not registered  
DSP instance multgen_L[12].multgen[8].mult_unit/temp is not fully pipelined on the input side. AREG/BREG/CREG/DREG are not used.
Related violations: <none>

SYNTH-13#1 Warning
combinational multiplier  
Detected combinational multiplier in DSP instance L2GEN[3].output_unit/multgen[19].mult_unit/temp.
Related violations: <none>

SYNTH-13#2 Warning
combinational multiplier  
Detected combinational multiplier in DSP instance L2GEN[4].output_unit/multgen[19].mult_unit/temp.
Related violations: <none>

SYNTH-13#3 Warning
combinational multiplier  
Detected combinational multiplier in DSP instance L2GEN[5].output_unit/multgen[19].mult_unit/temp.
Related violations: <none>

SYNTH-13#4 Warning
combinational multiplier  
Detected combinational multiplier in DSP instance L2GEN[7].output_unit/multgen[19].mult_unit/temp.
Related violations: <none>

SYNTH-13#5 Warning
combinational multiplier  
Detected combinational multiplier in DSP instance L2GEN[8].output_unit/multgen[19].mult_unit/temp.
Related violations: <none>

SYNTH-13#6 Warning
combinational multiplier  
Detected combinational multiplier in DSP instance L2GEN[9].output_unit/multgen[19].mult_unit/temp.
Related violations: <none>

TIMING-18#1 Warning
Missing input or output delay  
An input delay is missing on x_real[0][0] relative to clock(s) clk
Related violations: <none>

TIMING-18#2 Warning
Missing input or output delay  
An input delay is missing on x_real[0][10] relative to clock(s) clk
Related violations: <none>

TIMING-18#3 Warning
Missing input or output delay  
An input delay is missing on x_real[0][11] relative to clock(s) clk
Related violations: <none>

TIMING-18#4 Warning
Missing input or output delay  
An input delay is missing on x_real[0][12] relative to clock(s) clk
Related violations: <none>

TIMING-18#5 Warning
Missing input or output delay  
An input delay is missing on x_real[0][13] relative to clock(s) clk
Related violations: <none>

TIMING-18#6 Warning
Missing input or output delay  
An input delay is missing on x_real[0][14] relative to clock(s) clk
Related violations: <none>

TIMING-18#7 Warning
Missing input or output delay  
An input delay is missing on x_real[0][15] relative to clock(s) clk
Related violations: <none>

TIMING-18#8 Warning
Missing input or output delay  
An input delay is missing on x_real[0][1] relative to clock(s) clk
Related violations: <none>

TIMING-18#9 Warning
Missing input or output delay  
An input delay is missing on x_real[0][2] relative to clock(s) clk
Related violations: <none>

TIMING-18#10 Warning
Missing input or output delay  
An input delay is missing on x_real[0][3] relative to clock(s) clk
Related violations: <none>

TIMING-18#11 Warning
Missing input or output delay  
An input delay is missing on x_real[0][4] relative to clock(s) clk
Related violations: <none>

TIMING-18#12 Warning
Missing input or output delay  
An input delay is missing on x_real[0][5] relative to clock(s) clk
Related violations: <none>

TIMING-18#13 Warning
Missing input or output delay  
An input delay is missing on x_real[0][6] relative to clock(s) clk
Related violations: <none>

TIMING-18#14 Warning
Missing input or output delay  
An input delay is missing on x_real[0][7] relative to clock(s) clk
Related violations: <none>

TIMING-18#15 Warning
Missing input or output delay  
An input delay is missing on x_real[0][8] relative to clock(s) clk
Related violations: <none>

TIMING-18#16 Warning
Missing input or output delay  
An input delay is missing on x_real[0][9] relative to clock(s) clk
Related violations: <none>

TIMING-18#17 Warning
Missing input or output delay  
An input delay is missing on x_real[10][0] relative to clock(s) clk
Related violations: <none>

TIMING-18#18 Warning
Missing input or output delay  
An input delay is missing on x_real[10][10] relative to clock(s) clk
Related violations: <none>

TIMING-18#19 Warning
Missing input or output delay  
An input delay is missing on x_real[10][11] relative to clock(s) clk
Related violations: <none>

TIMING-18#20 Warning
Missing input or output delay  
An input delay is missing on x_real[10][12] relative to clock(s) clk
Related violations: <none>

TIMING-18#21 Warning
Missing input or output delay  
An input delay is missing on x_real[10][13] relative to clock(s) clk
Related violations: <none>

TIMING-18#22 Warning
Missing input or output delay  
An input delay is missing on x_real[10][14] relative to clock(s) clk
Related violations: <none>

TIMING-18#23 Warning
Missing input or output delay  
An input delay is missing on x_real[10][15] relative to clock(s) clk
Related violations: <none>

TIMING-18#24 Warning
Missing input or output delay  
An input delay is missing on x_real[10][1] relative to clock(s) clk
Related violations: <none>

TIMING-18#25 Warning
Missing input or output delay  
An input delay is missing on x_real[10][2] relative to clock(s) clk
Related violations: <none>

TIMING-18#26 Warning
Missing input or output delay  
An input delay is missing on x_real[10][3] relative to clock(s) clk
Related violations: <none>

TIMING-18#27 Warning
Missing input or output delay  
An input delay is missing on x_real[10][4] relative to clock(s) clk
Related violations: <none>

TIMING-18#28 Warning
Missing input or output delay  
An input delay is missing on x_real[10][5] relative to clock(s) clk
Related violations: <none>

TIMING-18#29 Warning
Missing input or output delay  
An input delay is missing on x_real[10][6] relative to clock(s) clk
Related violations: <none>

TIMING-18#30 Warning
Missing input or output delay  
An input delay is missing on x_real[10][7] relative to clock(s) clk
Related violations: <none>

TIMING-18#31 Warning
Missing input or output delay  
An input delay is missing on x_real[10][8] relative to clock(s) clk
Related violations: <none>

TIMING-18#32 Warning
Missing input or output delay  
An input delay is missing on x_real[10][9] relative to clock(s) clk
Related violations: <none>

TIMING-18#33 Warning
Missing input or output delay  
An input delay is missing on x_real[11][0] relative to clock(s) clk
Related violations: <none>

TIMING-18#34 Warning
Missing input or output delay  
An input delay is missing on x_real[11][10] relative to clock(s) clk
Related violations: <none>

TIMING-18#35 Warning
Missing input or output delay  
An input delay is missing on x_real[11][11] relative to clock(s) clk
Related violations: <none>

TIMING-18#36 Warning
Missing input or output delay  
An input delay is missing on x_real[11][12] relative to clock(s) clk
Related violations: <none>

TIMING-18#37 Warning
Missing input or output delay  
An input delay is missing on x_real[11][13] relative to clock(s) clk
Related violations: <none>

TIMING-18#38 Warning
Missing input or output delay  
An input delay is missing on x_real[11][14] relative to clock(s) clk
Related violations: <none>

TIMING-18#39 Warning
Missing input or output delay  
An input delay is missing on x_real[11][15] relative to clock(s) clk
Related violations: <none>

TIMING-18#40 Warning
Missing input or output delay  
An input delay is missing on x_real[11][1] relative to clock(s) clk
Related violations: <none>

TIMING-18#41 Warning
Missing input or output delay  
An input delay is missing on x_real[11][2] relative to clock(s) clk
Related violations: <none>

TIMING-18#42 Warning
Missing input or output delay  
An input delay is missing on x_real[11][3] relative to clock(s) clk
Related violations: <none>

TIMING-18#43 Warning
Missing input or output delay  
An input delay is missing on x_real[11][4] relative to clock(s) clk
Related violations: <none>

TIMING-18#44 Warning
Missing input or output delay  
An input delay is missing on x_real[11][5] relative to clock(s) clk
Related violations: <none>

TIMING-18#45 Warning
Missing input or output delay  
An input delay is missing on x_real[11][6] relative to clock(s) clk
Related violations: <none>

TIMING-18#46 Warning
Missing input or output delay  
An input delay is missing on x_real[11][7] relative to clock(s) clk
Related violations: <none>

TIMING-18#47 Warning
Missing input or output delay  
An input delay is missing on x_real[11][8] relative to clock(s) clk
Related violations: <none>

TIMING-18#48 Warning
Missing input or output delay  
An input delay is missing on x_real[11][9] relative to clock(s) clk
Related violations: <none>

TIMING-18#49 Warning
Missing input or output delay  
An input delay is missing on x_real[12][0] relative to clock(s) clk
Related violations: <none>

TIMING-18#50 Warning
Missing input or output delay  
An input delay is missing on x_real[12][10] relative to clock(s) clk
Related violations: <none>

TIMING-18#51 Warning
Missing input or output delay  
An input delay is missing on x_real[12][11] relative to clock(s) clk
Related violations: <none>

TIMING-18#52 Warning
Missing input or output delay  
An input delay is missing on x_real[12][12] relative to clock(s) clk
Related violations: <none>

TIMING-18#53 Warning
Missing input or output delay  
An input delay is missing on x_real[12][13] relative to clock(s) clk
Related violations: <none>

TIMING-18#54 Warning
Missing input or output delay  
An input delay is missing on x_real[12][14] relative to clock(s) clk
Related violations: <none>

TIMING-18#55 Warning
Missing input or output delay  
An input delay is missing on x_real[12][15] relative to clock(s) clk
Related violations: <none>

TIMING-18#56 Warning
Missing input or output delay  
An input delay is missing on x_real[12][1] relative to clock(s) clk
Related violations: <none>

TIMING-18#57 Warning
Missing input or output delay  
An input delay is missing on x_real[12][2] relative to clock(s) clk
Related violations: <none>

TIMING-18#58 Warning
Missing input or output delay  
An input delay is missing on x_real[12][3] relative to clock(s) clk
Related violations: <none>

TIMING-18#59 Warning
Missing input or output delay  
An input delay is missing on x_real[12][4] relative to clock(s) clk
Related violations: <none>

TIMING-18#60 Warning
Missing input or output delay  
An input delay is missing on x_real[12][5] relative to clock(s) clk
Related violations: <none>

TIMING-18#61 Warning
Missing input or output delay  
An input delay is missing on x_real[12][6] relative to clock(s) clk
Related violations: <none>

TIMING-18#62 Warning
Missing input or output delay  
An input delay is missing on x_real[12][7] relative to clock(s) clk
Related violations: <none>

TIMING-18#63 Warning
Missing input or output delay  
An input delay is missing on x_real[12][8] relative to clock(s) clk
Related violations: <none>

TIMING-18#64 Warning
Missing input or output delay  
An input delay is missing on x_real[12][9] relative to clock(s) clk
Related violations: <none>

TIMING-18#65 Warning
Missing input or output delay  
An input delay is missing on x_real[13][0] relative to clock(s) clk
Related violations: <none>

TIMING-18#66 Warning
Missing input or output delay  
An input delay is missing on x_real[13][10] relative to clock(s) clk
Related violations: <none>

TIMING-18#67 Warning
Missing input or output delay  
An input delay is missing on x_real[13][11] relative to clock(s) clk
Related violations: <none>

TIMING-18#68 Warning
Missing input or output delay  
An input delay is missing on x_real[13][12] relative to clock(s) clk
Related violations: <none>

TIMING-18#69 Warning
Missing input or output delay  
An input delay is missing on x_real[13][13] relative to clock(s) clk
Related violations: <none>

TIMING-18#70 Warning
Missing input or output delay  
An input delay is missing on x_real[13][14] relative to clock(s) clk
Related violations: <none>

TIMING-18#71 Warning
Missing input or output delay  
An input delay is missing on x_real[13][15] relative to clock(s) clk
Related violations: <none>

TIMING-18#72 Warning
Missing input or output delay  
An input delay is missing on x_real[13][1] relative to clock(s) clk
Related violations: <none>

TIMING-18#73 Warning
Missing input or output delay  
An input delay is missing on x_real[13][2] relative to clock(s) clk
Related violations: <none>

TIMING-18#74 Warning
Missing input or output delay  
An input delay is missing on x_real[13][3] relative to clock(s) clk
Related violations: <none>

TIMING-18#75 Warning
Missing input or output delay  
An input delay is missing on x_real[13][4] relative to clock(s) clk
Related violations: <none>

TIMING-18#76 Warning
Missing input or output delay  
An input delay is missing on x_real[13][5] relative to clock(s) clk
Related violations: <none>

TIMING-18#77 Warning
Missing input or output delay  
An input delay is missing on x_real[13][6] relative to clock(s) clk
Related violations: <none>

TIMING-18#78 Warning
Missing input or output delay  
An input delay is missing on x_real[13][7] relative to clock(s) clk
Related violations: <none>

TIMING-18#79 Warning
Missing input or output delay  
An input delay is missing on x_real[13][8] relative to clock(s) clk
Related violations: <none>

TIMING-18#80 Warning
Missing input or output delay  
An input delay is missing on x_real[13][9] relative to clock(s) clk
Related violations: <none>

TIMING-18#81 Warning
Missing input or output delay  
An input delay is missing on x_real[14][0] relative to clock(s) clk
Related violations: <none>

TIMING-18#82 Warning
Missing input or output delay  
An input delay is missing on x_real[14][10] relative to clock(s) clk
Related violations: <none>

TIMING-18#83 Warning
Missing input or output delay  
An input delay is missing on x_real[14][11] relative to clock(s) clk
Related violations: <none>

TIMING-18#84 Warning
Missing input or output delay  
An input delay is missing on x_real[14][12] relative to clock(s) clk
Related violations: <none>

TIMING-18#85 Warning
Missing input or output delay  
An input delay is missing on x_real[14][13] relative to clock(s) clk
Related violations: <none>

TIMING-18#86 Warning
Missing input or output delay  
An input delay is missing on x_real[14][14] relative to clock(s) clk
Related violations: <none>

TIMING-18#87 Warning
Missing input or output delay  
An input delay is missing on x_real[14][15] relative to clock(s) clk
Related violations: <none>

TIMING-18#88 Warning
Missing input or output delay  
An input delay is missing on x_real[14][1] relative to clock(s) clk
Related violations: <none>

TIMING-18#89 Warning
Missing input or output delay  
An input delay is missing on x_real[14][2] relative to clock(s) clk
Related violations: <none>

TIMING-18#90 Warning
Missing input or output delay  
An input delay is missing on x_real[14][3] relative to clock(s) clk
Related violations: <none>

TIMING-18#91 Warning
Missing input or output delay  
An input delay is missing on x_real[14][4] relative to clock(s) clk
Related violations: <none>

TIMING-18#92 Warning
Missing input or output delay  
An input delay is missing on x_real[14][5] relative to clock(s) clk
Related violations: <none>

TIMING-18#93 Warning
Missing input or output delay  
An input delay is missing on x_real[14][6] relative to clock(s) clk
Related violations: <none>

TIMING-18#94 Warning
Missing input or output delay  
An input delay is missing on x_real[14][7] relative to clock(s) clk
Related violations: <none>

TIMING-18#95 Warning
Missing input or output delay  
An input delay is missing on x_real[14][8] relative to clock(s) clk
Related violations: <none>

TIMING-18#96 Warning
Missing input or output delay  
An input delay is missing on x_real[14][9] relative to clock(s) clk
Related violations: <none>

TIMING-18#97 Warning
Missing input or output delay  
An input delay is missing on x_real[15][0] relative to clock(s) clk
Related violations: <none>

TIMING-18#98 Warning
Missing input or output delay  
An input delay is missing on x_real[15][10] relative to clock(s) clk
Related violations: <none>

TIMING-18#99 Warning
Missing input or output delay  
An input delay is missing on x_real[15][11] relative to clock(s) clk
Related violations: <none>

TIMING-18#100 Warning
Missing input or output delay  
An input delay is missing on x_real[15][12] relative to clock(s) clk
Related violations: <none>

TIMING-18#101 Warning
Missing input or output delay  
An input delay is missing on x_real[15][13] relative to clock(s) clk
Related violations: <none>

TIMING-18#102 Warning
Missing input or output delay  
An input delay is missing on x_real[15][14] relative to clock(s) clk
Related violations: <none>

TIMING-18#103 Warning
Missing input or output delay  
An input delay is missing on x_real[15][15] relative to clock(s) clk
Related violations: <none>

TIMING-18#104 Warning
Missing input or output delay  
An input delay is missing on x_real[15][1] relative to clock(s) clk
Related violations: <none>

TIMING-18#105 Warning
Missing input or output delay  
An input delay is missing on x_real[15][2] relative to clock(s) clk
Related violations: <none>

TIMING-18#106 Warning
Missing input or output delay  
An input delay is missing on x_real[15][3] relative to clock(s) clk
Related violations: <none>

TIMING-18#107 Warning
Missing input or output delay  
An input delay is missing on x_real[15][4] relative to clock(s) clk
Related violations: <none>

TIMING-18#108 Warning
Missing input or output delay  
An input delay is missing on x_real[15][5] relative to clock(s) clk
Related violations: <none>

TIMING-18#109 Warning
Missing input or output delay  
An input delay is missing on x_real[15][6] relative to clock(s) clk
Related violations: <none>

TIMING-18#110 Warning
Missing input or output delay  
An input delay is missing on x_real[15][7] relative to clock(s) clk
Related violations: <none>

TIMING-18#111 Warning
Missing input or output delay  
An input delay is missing on x_real[15][8] relative to clock(s) clk
Related violations: <none>

TIMING-18#112 Warning
Missing input or output delay  
An input delay is missing on x_real[15][9] relative to clock(s) clk
Related violations: <none>

TIMING-18#113 Warning
Missing input or output delay  
An input delay is missing on x_real[1][0] relative to clock(s) clk
Related violations: <none>

TIMING-18#114 Warning
Missing input or output delay  
An input delay is missing on x_real[1][10] relative to clock(s) clk
Related violations: <none>

TIMING-18#115 Warning
Missing input or output delay  
An input delay is missing on x_real[1][11] relative to clock(s) clk
Related violations: <none>

TIMING-18#116 Warning
Missing input or output delay  
An input delay is missing on x_real[1][12] relative to clock(s) clk
Related violations: <none>

TIMING-18#117 Warning
Missing input or output delay  
An input delay is missing on x_real[1][13] relative to clock(s) clk
Related violations: <none>

TIMING-18#118 Warning
Missing input or output delay  
An input delay is missing on x_real[1][14] relative to clock(s) clk
Related violations: <none>

TIMING-18#119 Warning
Missing input or output delay  
An input delay is missing on x_real[1][15] relative to clock(s) clk
Related violations: <none>

TIMING-18#120 Warning
Missing input or output delay  
An input delay is missing on x_real[1][1] relative to clock(s) clk
Related violations: <none>

TIMING-18#121 Warning
Missing input or output delay  
An input delay is missing on x_real[1][2] relative to clock(s) clk
Related violations: <none>

TIMING-18#122 Warning
Missing input or output delay  
An input delay is missing on x_real[1][3] relative to clock(s) clk
Related violations: <none>

TIMING-18#123 Warning
Missing input or output delay  
An input delay is missing on x_real[1][4] relative to clock(s) clk
Related violations: <none>

TIMING-18#124 Warning
Missing input or output delay  
An input delay is missing on x_real[1][5] relative to clock(s) clk
Related violations: <none>

TIMING-18#125 Warning
Missing input or output delay  
An input delay is missing on x_real[1][6] relative to clock(s) clk
Related violations: <none>

TIMING-18#126 Warning
Missing input or output delay  
An input delay is missing on x_real[1][7] relative to clock(s) clk
Related violations: <none>

TIMING-18#127 Warning
Missing input or output delay  
An input delay is missing on x_real[1][8] relative to clock(s) clk
Related violations: <none>

TIMING-18#128 Warning
Missing input or output delay  
An input delay is missing on x_real[1][9] relative to clock(s) clk
Related violations: <none>

TIMING-18#129 Warning
Missing input or output delay  
An input delay is missing on x_real[2][0] relative to clock(s) clk
Related violations: <none>

TIMING-18#130 Warning
Missing input or output delay  
An input delay is missing on x_real[2][10] relative to clock(s) clk
Related violations: <none>

TIMING-18#131 Warning
Missing input or output delay  
An input delay is missing on x_real[2][11] relative to clock(s) clk
Related violations: <none>

TIMING-18#132 Warning
Missing input or output delay  
An input delay is missing on x_real[2][12] relative to clock(s) clk
Related violations: <none>

TIMING-18#133 Warning
Missing input or output delay  
An input delay is missing on x_real[2][13] relative to clock(s) clk
Related violations: <none>

TIMING-18#134 Warning
Missing input or output delay  
An input delay is missing on x_real[2][14] relative to clock(s) clk
Related violations: <none>

TIMING-18#135 Warning
Missing input or output delay  
An input delay is missing on x_real[2][15] relative to clock(s) clk
Related violations: <none>

TIMING-18#136 Warning
Missing input or output delay  
An input delay is missing on x_real[2][1] relative to clock(s) clk
Related violations: <none>

TIMING-18#137 Warning
Missing input or output delay  
An input delay is missing on x_real[2][2] relative to clock(s) clk
Related violations: <none>

TIMING-18#138 Warning
Missing input or output delay  
An input delay is missing on x_real[2][3] relative to clock(s) clk
Related violations: <none>

TIMING-18#139 Warning
Missing input or output delay  
An input delay is missing on x_real[2][4] relative to clock(s) clk
Related violations: <none>

TIMING-18#140 Warning
Missing input or output delay  
An input delay is missing on x_real[2][5] relative to clock(s) clk
Related violations: <none>

TIMING-18#141 Warning
Missing input or output delay  
An input delay is missing on x_real[2][6] relative to clock(s) clk
Related violations: <none>

TIMING-18#142 Warning
Missing input or output delay  
An input delay is missing on x_real[2][7] relative to clock(s) clk
Related violations: <none>

TIMING-18#143 Warning
Missing input or output delay  
An input delay is missing on x_real[2][8] relative to clock(s) clk
Related violations: <none>

TIMING-18#144 Warning
Missing input or output delay  
An input delay is missing on x_real[2][9] relative to clock(s) clk
Related violations: <none>

TIMING-18#145 Warning
Missing input or output delay  
An input delay is missing on x_real[3][0] relative to clock(s) clk
Related violations: <none>

TIMING-18#146 Warning
Missing input or output delay  
An input delay is missing on x_real[3][10] relative to clock(s) clk
Related violations: <none>

TIMING-18#147 Warning
Missing input or output delay  
An input delay is missing on x_real[3][11] relative to clock(s) clk
Related violations: <none>

TIMING-18#148 Warning
Missing input or output delay  
An input delay is missing on x_real[3][12] relative to clock(s) clk
Related violations: <none>

TIMING-18#149 Warning
Missing input or output delay  
An input delay is missing on x_real[3][13] relative to clock(s) clk
Related violations: <none>

TIMING-18#150 Warning
Missing input or output delay  
An input delay is missing on x_real[3][14] relative to clock(s) clk
Related violations: <none>

TIMING-18#151 Warning
Missing input or output delay  
An input delay is missing on x_real[3][15] relative to clock(s) clk
Related violations: <none>

TIMING-18#152 Warning
Missing input or output delay  
An input delay is missing on x_real[3][1] relative to clock(s) clk
Related violations: <none>

TIMING-18#153 Warning
Missing input or output delay  
An input delay is missing on x_real[3][2] relative to clock(s) clk
Related violations: <none>

TIMING-18#154 Warning
Missing input or output delay  
An input delay is missing on x_real[3][3] relative to clock(s) clk
Related violations: <none>

TIMING-18#155 Warning
Missing input or output delay  
An input delay is missing on x_real[3][4] relative to clock(s) clk
Related violations: <none>

TIMING-18#156 Warning
Missing input or output delay  
An input delay is missing on x_real[3][5] relative to clock(s) clk
Related violations: <none>

TIMING-18#157 Warning
Missing input or output delay  
An input delay is missing on x_real[3][6] relative to clock(s) clk
Related violations: <none>

TIMING-18#158 Warning
Missing input or output delay  
An input delay is missing on x_real[3][7] relative to clock(s) clk
Related violations: <none>

TIMING-18#159 Warning
Missing input or output delay  
An input delay is missing on x_real[3][8] relative to clock(s) clk
Related violations: <none>

TIMING-18#160 Warning
Missing input or output delay  
An input delay is missing on x_real[3][9] relative to clock(s) clk
Related violations: <none>

TIMING-18#161 Warning
Missing input or output delay  
An input delay is missing on x_real[4][0] relative to clock(s) clk
Related violations: <none>

TIMING-18#162 Warning
Missing input or output delay  
An input delay is missing on x_real[4][10] relative to clock(s) clk
Related violations: <none>

TIMING-18#163 Warning
Missing input or output delay  
An input delay is missing on x_real[4][11] relative to clock(s) clk
Related violations: <none>

TIMING-18#164 Warning
Missing input or output delay  
An input delay is missing on x_real[4][12] relative to clock(s) clk
Related violations: <none>

TIMING-18#165 Warning
Missing input or output delay  
An input delay is missing on x_real[4][13] relative to clock(s) clk
Related violations: <none>

TIMING-18#166 Warning
Missing input or output delay  
An input delay is missing on x_real[4][14] relative to clock(s) clk
Related violations: <none>

TIMING-18#167 Warning
Missing input or output delay  
An input delay is missing on x_real[4][15] relative to clock(s) clk
Related violations: <none>

TIMING-18#168 Warning
Missing input or output delay  
An input delay is missing on x_real[4][1] relative to clock(s) clk
Related violations: <none>

TIMING-18#169 Warning
Missing input or output delay  
An input delay is missing on x_real[4][2] relative to clock(s) clk
Related violations: <none>

TIMING-18#170 Warning
Missing input or output delay  
An input delay is missing on x_real[4][3] relative to clock(s) clk
Related violations: <none>

TIMING-18#171 Warning
Missing input or output delay  
An input delay is missing on x_real[4][4] relative to clock(s) clk
Related violations: <none>

TIMING-18#172 Warning
Missing input or output delay  
An input delay is missing on x_real[4][5] relative to clock(s) clk
Related violations: <none>

TIMING-18#173 Warning
Missing input or output delay  
An input delay is missing on x_real[4][6] relative to clock(s) clk
Related violations: <none>

TIMING-18#174 Warning
Missing input or output delay  
An input delay is missing on x_real[4][7] relative to clock(s) clk
Related violations: <none>

TIMING-18#175 Warning
Missing input or output delay  
An input delay is missing on x_real[4][8] relative to clock(s) clk
Related violations: <none>

TIMING-18#176 Warning
Missing input or output delay  
An input delay is missing on x_real[4][9] relative to clock(s) clk
Related violations: <none>

TIMING-18#177 Warning
Missing input or output delay  
An input delay is missing on x_real[5][0] relative to clock(s) clk
Related violations: <none>

TIMING-18#178 Warning
Missing input or output delay  
An input delay is missing on x_real[5][10] relative to clock(s) clk
Related violations: <none>

TIMING-18#179 Warning
Missing input or output delay  
An input delay is missing on x_real[5][11] relative to clock(s) clk
Related violations: <none>

TIMING-18#180 Warning
Missing input or output delay  
An input delay is missing on x_real[5][12] relative to clock(s) clk
Related violations: <none>

TIMING-18#181 Warning
Missing input or output delay  
An input delay is missing on x_real[5][13] relative to clock(s) clk
Related violations: <none>

TIMING-18#182 Warning
Missing input or output delay  
An input delay is missing on x_real[5][14] relative to clock(s) clk
Related violations: <none>

TIMING-18#183 Warning
Missing input or output delay  
An input delay is missing on x_real[5][15] relative to clock(s) clk
Related violations: <none>

TIMING-18#184 Warning
Missing input or output delay  
An input delay is missing on x_real[5][1] relative to clock(s) clk
Related violations: <none>

TIMING-18#185 Warning
Missing input or output delay  
An input delay is missing on x_real[5][2] relative to clock(s) clk
Related violations: <none>

TIMING-18#186 Warning
Missing input or output delay  
An input delay is missing on x_real[5][3] relative to clock(s) clk
Related violations: <none>

TIMING-18#187 Warning
Missing input or output delay  
An input delay is missing on x_real[5][4] relative to clock(s) clk
Related violations: <none>

TIMING-18#188 Warning
Missing input or output delay  
An input delay is missing on x_real[5][5] relative to clock(s) clk
Related violations: <none>

TIMING-18#189 Warning
Missing input or output delay  
An input delay is missing on x_real[5][6] relative to clock(s) clk
Related violations: <none>

TIMING-18#190 Warning
Missing input or output delay  
An input delay is missing on x_real[5][7] relative to clock(s) clk
Related violations: <none>

TIMING-18#191 Warning
Missing input or output delay  
An input delay is missing on x_real[5][8] relative to clock(s) clk
Related violations: <none>

TIMING-18#192 Warning
Missing input or output delay  
An input delay is missing on x_real[5][9] relative to clock(s) clk
Related violations: <none>

TIMING-18#193 Warning
Missing input or output delay  
An input delay is missing on x_real[6][0] relative to clock(s) clk
Related violations: <none>

TIMING-18#194 Warning
Missing input or output delay  
An input delay is missing on x_real[6][10] relative to clock(s) clk
Related violations: <none>

TIMING-18#195 Warning
Missing input or output delay  
An input delay is missing on x_real[6][11] relative to clock(s) clk
Related violations: <none>

TIMING-18#196 Warning
Missing input or output delay  
An input delay is missing on x_real[6][12] relative to clock(s) clk
Related violations: <none>

TIMING-18#197 Warning
Missing input or output delay  
An input delay is missing on x_real[6][13] relative to clock(s) clk
Related violations: <none>

TIMING-18#198 Warning
Missing input or output delay  
An input delay is missing on x_real[6][14] relative to clock(s) clk
Related violations: <none>

TIMING-18#199 Warning
Missing input or output delay  
An input delay is missing on x_real[6][15] relative to clock(s) clk
Related violations: <none>

TIMING-18#200 Warning
Missing input or output delay  
An input delay is missing on x_real[6][1] relative to clock(s) clk
Related violations: <none>

TIMING-18#201 Warning
Missing input or output delay  
An input delay is missing on x_real[6][2] relative to clock(s) clk
Related violations: <none>

TIMING-18#202 Warning
Missing input or output delay  
An input delay is missing on x_real[6][3] relative to clock(s) clk
Related violations: <none>

TIMING-18#203 Warning
Missing input or output delay  
An input delay is missing on x_real[6][4] relative to clock(s) clk
Related violations: <none>

TIMING-18#204 Warning
Missing input or output delay  
An input delay is missing on x_real[6][5] relative to clock(s) clk
Related violations: <none>

TIMING-18#205 Warning
Missing input or output delay  
An input delay is missing on x_real[6][6] relative to clock(s) clk
Related violations: <none>

TIMING-18#206 Warning
Missing input or output delay  
An input delay is missing on x_real[6][7] relative to clock(s) clk
Related violations: <none>

TIMING-18#207 Warning
Missing input or output delay  
An input delay is missing on x_real[6][8] relative to clock(s) clk
Related violations: <none>

TIMING-18#208 Warning
Missing input or output delay  
An input delay is missing on x_real[6][9] relative to clock(s) clk
Related violations: <none>

TIMING-18#209 Warning
Missing input or output delay  
An input delay is missing on x_real[7][0] relative to clock(s) clk
Related violations: <none>

TIMING-18#210 Warning
Missing input or output delay  
An input delay is missing on x_real[7][10] relative to clock(s) clk
Related violations: <none>

TIMING-18#211 Warning
Missing input or output delay  
An input delay is missing on x_real[7][11] relative to clock(s) clk
Related violations: <none>

TIMING-18#212 Warning
Missing input or output delay  
An input delay is missing on x_real[7][12] relative to clock(s) clk
Related violations: <none>

TIMING-18#213 Warning
Missing input or output delay  
An input delay is missing on x_real[7][13] relative to clock(s) clk
Related violations: <none>

TIMING-18#214 Warning
Missing input or output delay  
An input delay is missing on x_real[7][14] relative to clock(s) clk
Related violations: <none>

TIMING-18#215 Warning
Missing input or output delay  
An input delay is missing on x_real[7][15] relative to clock(s) clk
Related violations: <none>

TIMING-18#216 Warning
Missing input or output delay  
An input delay is missing on x_real[7][1] relative to clock(s) clk
Related violations: <none>

TIMING-18#217 Warning
Missing input or output delay  
An input delay is missing on x_real[7][2] relative to clock(s) clk
Related violations: <none>

TIMING-18#218 Warning
Missing input or output delay  
An input delay is missing on x_real[7][3] relative to clock(s) clk
Related violations: <none>

TIMING-18#219 Warning
Missing input or output delay  
An input delay is missing on x_real[7][4] relative to clock(s) clk
Related violations: <none>

TIMING-18#220 Warning
Missing input or output delay  
An input delay is missing on x_real[7][5] relative to clock(s) clk
Related violations: <none>

TIMING-18#221 Warning
Missing input or output delay  
An input delay is missing on x_real[7][6] relative to clock(s) clk
Related violations: <none>

TIMING-18#222 Warning
Missing input or output delay  
An input delay is missing on x_real[7][7] relative to clock(s) clk
Related violations: <none>

TIMING-18#223 Warning
Missing input or output delay  
An input delay is missing on x_real[7][8] relative to clock(s) clk
Related violations: <none>

TIMING-18#224 Warning
Missing input or output delay  
An input delay is missing on x_real[7][9] relative to clock(s) clk
Related violations: <none>

TIMING-18#225 Warning
Missing input or output delay  
An input delay is missing on x_real[8][0] relative to clock(s) clk
Related violations: <none>

TIMING-18#226 Warning
Missing input or output delay  
An input delay is missing on x_real[8][10] relative to clock(s) clk
Related violations: <none>

TIMING-18#227 Warning
Missing input or output delay  
An input delay is missing on x_real[8][11] relative to clock(s) clk
Related violations: <none>

TIMING-18#228 Warning
Missing input or output delay  
An input delay is missing on x_real[8][12] relative to clock(s) clk
Related violations: <none>

TIMING-18#229 Warning
Missing input or output delay  
An input delay is missing on x_real[8][13] relative to clock(s) clk
Related violations: <none>

TIMING-18#230 Warning
Missing input or output delay  
An input delay is missing on x_real[8][14] relative to clock(s) clk
Related violations: <none>

TIMING-18#231 Warning
Missing input or output delay  
An input delay is missing on x_real[8][15] relative to clock(s) clk
Related violations: <none>

TIMING-18#232 Warning
Missing input or output delay  
An input delay is missing on x_real[8][1] relative to clock(s) clk
Related violations: <none>

TIMING-18#233 Warning
Missing input or output delay  
An input delay is missing on x_real[8][2] relative to clock(s) clk
Related violations: <none>

TIMING-18#234 Warning
Missing input or output delay  
An input delay is missing on x_real[8][3] relative to clock(s) clk
Related violations: <none>

TIMING-18#235 Warning
Missing input or output delay  
An input delay is missing on x_real[8][4] relative to clock(s) clk
Related violations: <none>

TIMING-18#236 Warning
Missing input or output delay  
An input delay is missing on x_real[8][5] relative to clock(s) clk
Related violations: <none>

TIMING-18#237 Warning
Missing input or output delay  
An input delay is missing on x_real[8][6] relative to clock(s) clk
Related violations: <none>

TIMING-18#238 Warning
Missing input or output delay  
An input delay is missing on x_real[8][7] relative to clock(s) clk
Related violations: <none>

TIMING-18#239 Warning
Missing input or output delay  
An input delay is missing on x_real[8][8] relative to clock(s) clk
Related violations: <none>

TIMING-18#240 Warning
Missing input or output delay  
An input delay is missing on x_real[8][9] relative to clock(s) clk
Related violations: <none>

TIMING-18#241 Warning
Missing input or output delay  
An input delay is missing on x_real[9][0] relative to clock(s) clk
Related violations: <none>

TIMING-18#242 Warning
Missing input or output delay  
An input delay is missing on x_real[9][10] relative to clock(s) clk
Related violations: <none>

TIMING-18#243 Warning
Missing input or output delay  
An input delay is missing on x_real[9][11] relative to clock(s) clk
Related violations: <none>

TIMING-18#244 Warning
Missing input or output delay  
An input delay is missing on x_real[9][12] relative to clock(s) clk
Related violations: <none>

TIMING-18#245 Warning
Missing input or output delay  
An input delay is missing on x_real[9][13] relative to clock(s) clk
Related violations: <none>

TIMING-18#246 Warning
Missing input or output delay  
An input delay is missing on x_real[9][14] relative to clock(s) clk
Related violations: <none>

TIMING-18#247 Warning
Missing input or output delay  
An input delay is missing on x_real[9][15] relative to clock(s) clk
Related violations: <none>

TIMING-18#248 Warning
Missing input or output delay  
An input delay is missing on x_real[9][1] relative to clock(s) clk
Related violations: <none>

TIMING-18#249 Warning
Missing input or output delay  
An input delay is missing on x_real[9][2] relative to clock(s) clk
Related violations: <none>

TIMING-18#250 Warning
Missing input or output delay  
An input delay is missing on x_real[9][3] relative to clock(s) clk
Related violations: <none>

TIMING-18#251 Warning
Missing input or output delay  
An input delay is missing on x_real[9][4] relative to clock(s) clk
Related violations: <none>

TIMING-18#252 Warning
Missing input or output delay  
An input delay is missing on x_real[9][5] relative to clock(s) clk
Related violations: <none>

TIMING-18#253 Warning
Missing input or output delay  
An input delay is missing on x_real[9][6] relative to clock(s) clk
Related violations: <none>

TIMING-18#254 Warning
Missing input or output delay  
An input delay is missing on x_real[9][7] relative to clock(s) clk
Related violations: <none>

TIMING-18#255 Warning
Missing input or output delay  
An input delay is missing on x_real[9][8] relative to clock(s) clk
Related violations: <none>

TIMING-18#256 Warning
Missing input or output delay  
An input delay is missing on x_real[9][9] relative to clock(s) clk
Related violations: <none>

TIMING-18#257 Warning
Missing input or output delay  
An output delay is missing on y_out_real[0][0] relative to clock(s) clk
Related violations: <none>

TIMING-18#258 Warning
Missing input or output delay  
An output delay is missing on y_out_real[0][10] relative to clock(s) clk
Related violations: <none>

TIMING-18#259 Warning
Missing input or output delay  
An output delay is missing on y_out_real[0][11] relative to clock(s) clk
Related violations: <none>

TIMING-18#260 Warning
Missing input or output delay  
An output delay is missing on y_out_real[0][12] relative to clock(s) clk
Related violations: <none>

TIMING-18#261 Warning
Missing input or output delay  
An output delay is missing on y_out_real[0][13] relative to clock(s) clk
Related violations: <none>

TIMING-18#262 Warning
Missing input or output delay  
An output delay is missing on y_out_real[0][14] relative to clock(s) clk
Related violations: <none>

TIMING-18#263 Warning
Missing input or output delay  
An output delay is missing on y_out_real[0][15] relative to clock(s) clk
Related violations: <none>

TIMING-18#264 Warning
Missing input or output delay  
An output delay is missing on y_out_real[0][1] relative to clock(s) clk
Related violations: <none>

TIMING-18#265 Warning
Missing input or output delay  
An output delay is missing on y_out_real[0][2] relative to clock(s) clk
Related violations: <none>

TIMING-18#266 Warning
Missing input or output delay  
An output delay is missing on y_out_real[0][3] relative to clock(s) clk
Related violations: <none>

TIMING-18#267 Warning
Missing input or output delay  
An output delay is missing on y_out_real[0][4] relative to clock(s) clk
Related violations: <none>

TIMING-18#268 Warning
Missing input or output delay  
An output delay is missing on y_out_real[0][5] relative to clock(s) clk
Related violations: <none>

TIMING-18#269 Warning
Missing input or output delay  
An output delay is missing on y_out_real[0][6] relative to clock(s) clk
Related violations: <none>

TIMING-18#270 Warning
Missing input or output delay  
An output delay is missing on y_out_real[0][7] relative to clock(s) clk
Related violations: <none>

TIMING-18#271 Warning
Missing input or output delay  
An output delay is missing on y_out_real[0][8] relative to clock(s) clk
Related violations: <none>

TIMING-18#272 Warning
Missing input or output delay  
An output delay is missing on y_out_real[0][9] relative to clock(s) clk
Related violations: <none>

TIMING-18#273 Warning
Missing input or output delay  
An output delay is missing on y_out_real[1][0] relative to clock(s) clk
Related violations: <none>

TIMING-18#274 Warning
Missing input or output delay  
An output delay is missing on y_out_real[1][10] relative to clock(s) clk
Related violations: <none>

TIMING-18#275 Warning
Missing input or output delay  
An output delay is missing on y_out_real[1][11] relative to clock(s) clk
Related violations: <none>

TIMING-18#276 Warning
Missing input or output delay  
An output delay is missing on y_out_real[1][12] relative to clock(s) clk
Related violations: <none>

TIMING-18#277 Warning
Missing input or output delay  
An output delay is missing on y_out_real[1][13] relative to clock(s) clk
Related violations: <none>

TIMING-18#278 Warning
Missing input or output delay  
An output delay is missing on y_out_real[1][14] relative to clock(s) clk
Related violations: <none>

TIMING-18#279 Warning
Missing input or output delay  
An output delay is missing on y_out_real[1][15] relative to clock(s) clk
Related violations: <none>

TIMING-18#280 Warning
Missing input or output delay  
An output delay is missing on y_out_real[1][1] relative to clock(s) clk
Related violations: <none>

TIMING-18#281 Warning
Missing input or output delay  
An output delay is missing on y_out_real[1][2] relative to clock(s) clk
Related violations: <none>

TIMING-18#282 Warning
Missing input or output delay  
An output delay is missing on y_out_real[1][3] relative to clock(s) clk
Related violations: <none>

TIMING-18#283 Warning
Missing input or output delay  
An output delay is missing on y_out_real[1][4] relative to clock(s) clk
Related violations: <none>

TIMING-18#284 Warning
Missing input or output delay  
An output delay is missing on y_out_real[1][5] relative to clock(s) clk
Related violations: <none>

TIMING-18#285 Warning
Missing input or output delay  
An output delay is missing on y_out_real[1][6] relative to clock(s) clk
Related violations: <none>

TIMING-18#286 Warning
Missing input or output delay  
An output delay is missing on y_out_real[1][7] relative to clock(s) clk
Related violations: <none>

TIMING-18#287 Warning
Missing input or output delay  
An output delay is missing on y_out_real[1][8] relative to clock(s) clk
Related violations: <none>

TIMING-18#288 Warning
Missing input or output delay  
An output delay is missing on y_out_real[1][9] relative to clock(s) clk
Related violations: <none>

TIMING-18#289 Warning
Missing input or output delay  
An output delay is missing on y_out_real[2][0] relative to clock(s) clk
Related violations: <none>

TIMING-18#290 Warning
Missing input or output delay  
An output delay is missing on y_out_real[2][10] relative to clock(s) clk
Related violations: <none>

TIMING-18#291 Warning
Missing input or output delay  
An output delay is missing on y_out_real[2][11] relative to clock(s) clk
Related violations: <none>

TIMING-18#292 Warning
Missing input or output delay  
An output delay is missing on y_out_real[2][12] relative to clock(s) clk
Related violations: <none>

TIMING-18#293 Warning
Missing input or output delay  
An output delay is missing on y_out_real[2][13] relative to clock(s) clk
Related violations: <none>

TIMING-18#294 Warning
Missing input or output delay  
An output delay is missing on y_out_real[2][14] relative to clock(s) clk
Related violations: <none>

TIMING-18#295 Warning
Missing input or output delay  
An output delay is missing on y_out_real[2][15] relative to clock(s) clk
Related violations: <none>

TIMING-18#296 Warning
Missing input or output delay  
An output delay is missing on y_out_real[2][1] relative to clock(s) clk
Related violations: <none>

TIMING-18#297 Warning
Missing input or output delay  
An output delay is missing on y_out_real[2][2] relative to clock(s) clk
Related violations: <none>

TIMING-18#298 Warning
Missing input or output delay  
An output delay is missing on y_out_real[2][3] relative to clock(s) clk
Related violations: <none>

TIMING-18#299 Warning
Missing input or output delay  
An output delay is missing on y_out_real[2][4] relative to clock(s) clk
Related violations: <none>

TIMING-18#300 Warning
Missing input or output delay  
An output delay is missing on y_out_real[2][5] relative to clock(s) clk
Related violations: <none>

TIMING-18#301 Warning
Missing input or output delay  
An output delay is missing on y_out_real[2][6] relative to clock(s) clk
Related violations: <none>

TIMING-18#302 Warning
Missing input or output delay  
An output delay is missing on y_out_real[2][7] relative to clock(s) clk
Related violations: <none>

TIMING-18#303 Warning
Missing input or output delay  
An output delay is missing on y_out_real[2][8] relative to clock(s) clk
Related violations: <none>

TIMING-18#304 Warning
Missing input or output delay  
An output delay is missing on y_out_real[2][9] relative to clock(s) clk
Related violations: <none>

TIMING-18#305 Warning
Missing input or output delay  
An output delay is missing on y_out_real[3][0] relative to clock(s) clk
Related violations: <none>

TIMING-18#306 Warning
Missing input or output delay  
An output delay is missing on y_out_real[3][10] relative to clock(s) clk
Related violations: <none>

TIMING-18#307 Warning
Missing input or output delay  
An output delay is missing on y_out_real[3][11] relative to clock(s) clk
Related violations: <none>

TIMING-18#308 Warning
Missing input or output delay  
An output delay is missing on y_out_real[3][12] relative to clock(s) clk
Related violations: <none>

TIMING-18#309 Warning
Missing input or output delay  
An output delay is missing on y_out_real[3][13] relative to clock(s) clk
Related violations: <none>

TIMING-18#310 Warning
Missing input or output delay  
An output delay is missing on y_out_real[3][14] relative to clock(s) clk
Related violations: <none>

TIMING-18#311 Warning
Missing input or output delay  
An output delay is missing on y_out_real[3][15] relative to clock(s) clk
Related violations: <none>

TIMING-18#312 Warning
Missing input or output delay  
An output delay is missing on y_out_real[3][1] relative to clock(s) clk
Related violations: <none>

TIMING-18#313 Warning
Missing input or output delay  
An output delay is missing on y_out_real[3][2] relative to clock(s) clk
Related violations: <none>

TIMING-18#314 Warning
Missing input or output delay  
An output delay is missing on y_out_real[3][3] relative to clock(s) clk
Related violations: <none>

TIMING-18#315 Warning
Missing input or output delay  
An output delay is missing on y_out_real[3][4] relative to clock(s) clk
Related violations: <none>

TIMING-18#316 Warning
Missing input or output delay  
An output delay is missing on y_out_real[3][5] relative to clock(s) clk
Related violations: <none>

TIMING-18#317 Warning
Missing input or output delay  
An output delay is missing on y_out_real[3][6] relative to clock(s) clk
Related violations: <none>

TIMING-18#318 Warning
Missing input or output delay  
An output delay is missing on y_out_real[3][7] relative to clock(s) clk
Related violations: <none>

TIMING-18#319 Warning
Missing input or output delay  
An output delay is missing on y_out_real[3][8] relative to clock(s) clk
Related violations: <none>

TIMING-18#320 Warning
Missing input or output delay  
An output delay is missing on y_out_real[3][9] relative to clock(s) clk
Related violations: <none>

TIMING-18#321 Warning
Missing input or output delay  
An output delay is missing on y_out_real[4][0] relative to clock(s) clk
Related violations: <none>

TIMING-18#322 Warning
Missing input or output delay  
An output delay is missing on y_out_real[4][10] relative to clock(s) clk
Related violations: <none>

TIMING-18#323 Warning
Missing input or output delay  
An output delay is missing on y_out_real[4][11] relative to clock(s) clk
Related violations: <none>

TIMING-18#324 Warning
Missing input or output delay  
An output delay is missing on y_out_real[4][12] relative to clock(s) clk
Related violations: <none>

TIMING-18#325 Warning
Missing input or output delay  
An output delay is missing on y_out_real[4][13] relative to clock(s) clk
Related violations: <none>

TIMING-18#326 Warning
Missing input or output delay  
An output delay is missing on y_out_real[4][14] relative to clock(s) clk
Related violations: <none>

TIMING-18#327 Warning
Missing input or output delay  
An output delay is missing on y_out_real[4][15] relative to clock(s) clk
Related violations: <none>

TIMING-18#328 Warning
Missing input or output delay  
An output delay is missing on y_out_real[4][1] relative to clock(s) clk
Related violations: <none>

TIMING-18#329 Warning
Missing input or output delay  
An output delay is missing on y_out_real[4][2] relative to clock(s) clk
Related violations: <none>

TIMING-18#330 Warning
Missing input or output delay  
An output delay is missing on y_out_real[4][3] relative to clock(s) clk
Related violations: <none>

TIMING-18#331 Warning
Missing input or output delay  
An output delay is missing on y_out_real[4][4] relative to clock(s) clk
Related violations: <none>

TIMING-18#332 Warning
Missing input or output delay  
An output delay is missing on y_out_real[4][5] relative to clock(s) clk
Related violations: <none>

TIMING-18#333 Warning
Missing input or output delay  
An output delay is missing on y_out_real[4][6] relative to clock(s) clk
Related violations: <none>

TIMING-18#334 Warning
Missing input or output delay  
An output delay is missing on y_out_real[4][7] relative to clock(s) clk
Related violations: <none>

TIMING-18#335 Warning
Missing input or output delay  
An output delay is missing on y_out_real[4][8] relative to clock(s) clk
Related violations: <none>

TIMING-18#336 Warning
Missing input or output delay  
An output delay is missing on y_out_real[4][9] relative to clock(s) clk
Related violations: <none>

TIMING-18#337 Warning
Missing input or output delay  
An output delay is missing on y_out_real[5][0] relative to clock(s) clk
Related violations: <none>

TIMING-18#338 Warning
Missing input or output delay  
An output delay is missing on y_out_real[5][10] relative to clock(s) clk
Related violations: <none>

TIMING-18#339 Warning
Missing input or output delay  
An output delay is missing on y_out_real[5][11] relative to clock(s) clk
Related violations: <none>

TIMING-18#340 Warning
Missing input or output delay  
An output delay is missing on y_out_real[5][12] relative to clock(s) clk
Related violations: <none>

TIMING-18#341 Warning
Missing input or output delay  
An output delay is missing on y_out_real[5][13] relative to clock(s) clk
Related violations: <none>

TIMING-18#342 Warning
Missing input or output delay  
An output delay is missing on y_out_real[5][14] relative to clock(s) clk
Related violations: <none>

TIMING-18#343 Warning
Missing input or output delay  
An output delay is missing on y_out_real[5][15] relative to clock(s) clk
Related violations: <none>

TIMING-18#344 Warning
Missing input or output delay  
An output delay is missing on y_out_real[5][1] relative to clock(s) clk
Related violations: <none>

TIMING-18#345 Warning
Missing input or output delay  
An output delay is missing on y_out_real[5][2] relative to clock(s) clk
Related violations: <none>

TIMING-18#346 Warning
Missing input or output delay  
An output delay is missing on y_out_real[5][3] relative to clock(s) clk
Related violations: <none>

TIMING-18#347 Warning
Missing input or output delay  
An output delay is missing on y_out_real[5][4] relative to clock(s) clk
Related violations: <none>

TIMING-18#348 Warning
Missing input or output delay  
An output delay is missing on y_out_real[5][5] relative to clock(s) clk
Related violations: <none>

TIMING-18#349 Warning
Missing input or output delay  
An output delay is missing on y_out_real[5][6] relative to clock(s) clk
Related violations: <none>

TIMING-18#350 Warning
Missing input or output delay  
An output delay is missing on y_out_real[5][7] relative to clock(s) clk
Related violations: <none>

TIMING-18#351 Warning
Missing input or output delay  
An output delay is missing on y_out_real[5][8] relative to clock(s) clk
Related violations: <none>

TIMING-18#352 Warning
Missing input or output delay  
An output delay is missing on y_out_real[5][9] relative to clock(s) clk
Related violations: <none>

TIMING-18#353 Warning
Missing input or output delay  
An output delay is missing on y_out_real[6][0] relative to clock(s) clk
Related violations: <none>

TIMING-18#354 Warning
Missing input or output delay  
An output delay is missing on y_out_real[6][10] relative to clock(s) clk
Related violations: <none>

TIMING-18#355 Warning
Missing input or output delay  
An output delay is missing on y_out_real[6][11] relative to clock(s) clk
Related violations: <none>

TIMING-18#356 Warning
Missing input or output delay  
An output delay is missing on y_out_real[6][12] relative to clock(s) clk
Related violations: <none>

TIMING-18#357 Warning
Missing input or output delay  
An output delay is missing on y_out_real[6][13] relative to clock(s) clk
Related violations: <none>

TIMING-18#358 Warning
Missing input or output delay  
An output delay is missing on y_out_real[6][14] relative to clock(s) clk
Related violations: <none>

TIMING-18#359 Warning
Missing input or output delay  
An output delay is missing on y_out_real[6][15] relative to clock(s) clk
Related violations: <none>

TIMING-18#360 Warning
Missing input or output delay  
An output delay is missing on y_out_real[6][1] relative to clock(s) clk
Related violations: <none>

TIMING-18#361 Warning
Missing input or output delay  
An output delay is missing on y_out_real[6][2] relative to clock(s) clk
Related violations: <none>

TIMING-18#362 Warning
Missing input or output delay  
An output delay is missing on y_out_real[6][3] relative to clock(s) clk
Related violations: <none>

TIMING-18#363 Warning
Missing input or output delay  
An output delay is missing on y_out_real[6][4] relative to clock(s) clk
Related violations: <none>

TIMING-18#364 Warning
Missing input or output delay  
An output delay is missing on y_out_real[6][5] relative to clock(s) clk
Related violations: <none>

TIMING-18#365 Warning
Missing input or output delay  
An output delay is missing on y_out_real[6][6] relative to clock(s) clk
Related violations: <none>

TIMING-18#366 Warning
Missing input or output delay  
An output delay is missing on y_out_real[6][7] relative to clock(s) clk
Related violations: <none>

TIMING-18#367 Warning
Missing input or output delay  
An output delay is missing on y_out_real[6][8] relative to clock(s) clk
Related violations: <none>

TIMING-18#368 Warning
Missing input or output delay  
An output delay is missing on y_out_real[6][9] relative to clock(s) clk
Related violations: <none>

TIMING-18#369 Warning
Missing input or output delay  
An output delay is missing on y_out_real[7][0] relative to clock(s) clk
Related violations: <none>

TIMING-18#370 Warning
Missing input or output delay  
An output delay is missing on y_out_real[7][10] relative to clock(s) clk
Related violations: <none>

TIMING-18#371 Warning
Missing input or output delay  
An output delay is missing on y_out_real[7][11] relative to clock(s) clk
Related violations: <none>

TIMING-18#372 Warning
Missing input or output delay  
An output delay is missing on y_out_real[7][12] relative to clock(s) clk
Related violations: <none>

TIMING-18#373 Warning
Missing input or output delay  
An output delay is missing on y_out_real[7][13] relative to clock(s) clk
Related violations: <none>

TIMING-18#374 Warning
Missing input or output delay  
An output delay is missing on y_out_real[7][14] relative to clock(s) clk
Related violations: <none>

TIMING-18#375 Warning
Missing input or output delay  
An output delay is missing on y_out_real[7][15] relative to clock(s) clk
Related violations: <none>

TIMING-18#376 Warning
Missing input or output delay  
An output delay is missing on y_out_real[7][1] relative to clock(s) clk
Related violations: <none>

TIMING-18#377 Warning
Missing input or output delay  
An output delay is missing on y_out_real[7][2] relative to clock(s) clk
Related violations: <none>

TIMING-18#378 Warning
Missing input or output delay  
An output delay is missing on y_out_real[7][3] relative to clock(s) clk
Related violations: <none>

TIMING-18#379 Warning
Missing input or output delay  
An output delay is missing on y_out_real[7][4] relative to clock(s) clk
Related violations: <none>

TIMING-18#380 Warning
Missing input or output delay  
An output delay is missing on y_out_real[7][5] relative to clock(s) clk
Related violations: <none>

TIMING-18#381 Warning
Missing input or output delay  
An output delay is missing on y_out_real[7][6] relative to clock(s) clk
Related violations: <none>

TIMING-18#382 Warning
Missing input or output delay  
An output delay is missing on y_out_real[7][7] relative to clock(s) clk
Related violations: <none>

TIMING-18#383 Warning
Missing input or output delay  
An output delay is missing on y_out_real[7][8] relative to clock(s) clk
Related violations: <none>

TIMING-18#384 Warning
Missing input or output delay  
An output delay is missing on y_out_real[7][9] relative to clock(s) clk
Related violations: <none>

TIMING-18#385 Warning
Missing input or output delay  
An output delay is missing on y_out_real[8][0] relative to clock(s) clk
Related violations: <none>

TIMING-18#386 Warning
Missing input or output delay  
An output delay is missing on y_out_real[8][10] relative to clock(s) clk
Related violations: <none>

TIMING-18#387 Warning
Missing input or output delay  
An output delay is missing on y_out_real[8][11] relative to clock(s) clk
Related violations: <none>

TIMING-18#388 Warning
Missing input or output delay  
An output delay is missing on y_out_real[8][12] relative to clock(s) clk
Related violations: <none>

TIMING-18#389 Warning
Missing input or output delay  
An output delay is missing on y_out_real[8][13] relative to clock(s) clk
Related violations: <none>

TIMING-18#390 Warning
Missing input or output delay  
An output delay is missing on y_out_real[8][14] relative to clock(s) clk
Related violations: <none>

TIMING-18#391 Warning
Missing input or output delay  
An output delay is missing on y_out_real[8][15] relative to clock(s) clk
Related violations: <none>

TIMING-18#392 Warning
Missing input or output delay  
An output delay is missing on y_out_real[8][1] relative to clock(s) clk
Related violations: <none>

TIMING-18#393 Warning
Missing input or output delay  
An output delay is missing on y_out_real[8][2] relative to clock(s) clk
Related violations: <none>

TIMING-18#394 Warning
Missing input or output delay  
An output delay is missing on y_out_real[8][3] relative to clock(s) clk
Related violations: <none>

TIMING-18#395 Warning
Missing input or output delay  
An output delay is missing on y_out_real[8][4] relative to clock(s) clk
Related violations: <none>

TIMING-18#396 Warning
Missing input or output delay  
An output delay is missing on y_out_real[8][5] relative to clock(s) clk
Related violations: <none>

TIMING-18#397 Warning
Missing input or output delay  
An output delay is missing on y_out_real[8][6] relative to clock(s) clk
Related violations: <none>

TIMING-18#398 Warning
Missing input or output delay  
An output delay is missing on y_out_real[8][7] relative to clock(s) clk
Related violations: <none>

TIMING-18#399 Warning
Missing input or output delay  
An output delay is missing on y_out_real[8][8] relative to clock(s) clk
Related violations: <none>

TIMING-18#400 Warning
Missing input or output delay  
An output delay is missing on y_out_real[8][9] relative to clock(s) clk
Related violations: <none>

TIMING-18#401 Warning
Missing input or output delay  
An output delay is missing on y_out_real[9][0] relative to clock(s) clk
Related violations: <none>

TIMING-18#402 Warning
Missing input or output delay  
An output delay is missing on y_out_real[9][10] relative to clock(s) clk
Related violations: <none>

TIMING-18#403 Warning
Missing input or output delay  
An output delay is missing on y_out_real[9][11] relative to clock(s) clk
Related violations: <none>

TIMING-18#404 Warning
Missing input or output delay  
An output delay is missing on y_out_real[9][12] relative to clock(s) clk
Related violations: <none>

TIMING-18#405 Warning
Missing input or output delay  
An output delay is missing on y_out_real[9][13] relative to clock(s) clk
Related violations: <none>

TIMING-18#406 Warning
Missing input or output delay  
An output delay is missing on y_out_real[9][14] relative to clock(s) clk
Related violations: <none>

TIMING-18#407 Warning
Missing input or output delay  
An output delay is missing on y_out_real[9][15] relative to clock(s) clk
Related violations: <none>

TIMING-18#408 Warning
Missing input or output delay  
An output delay is missing on y_out_real[9][1] relative to clock(s) clk
Related violations: <none>

TIMING-18#409 Warning
Missing input or output delay  
An output delay is missing on y_out_real[9][2] relative to clock(s) clk
Related violations: <none>

TIMING-18#410 Warning
Missing input or output delay  
An output delay is missing on y_out_real[9][3] relative to clock(s) clk
Related violations: <none>

TIMING-18#411 Warning
Missing input or output delay  
An output delay is missing on y_out_real[9][4] relative to clock(s) clk
Related violations: <none>

TIMING-18#412 Warning
Missing input or output delay  
An output delay is missing on y_out_real[9][5] relative to clock(s) clk
Related violations: <none>

TIMING-18#413 Warning
Missing input or output delay  
An output delay is missing on y_out_real[9][6] relative to clock(s) clk
Related violations: <none>

TIMING-18#414 Warning
Missing input or output delay  
An output delay is missing on y_out_real[9][7] relative to clock(s) clk
Related violations: <none>

TIMING-18#415 Warning
Missing input or output delay  
An output delay is missing on y_out_real[9][8] relative to clock(s) clk
Related violations: <none>

TIMING-18#416 Warning
Missing input or output delay  
An output delay is missing on y_out_real[9][9] relative to clock(s) clk
Related violations: <none>


